[pixner.net/boleto/demo/index.html]
[pixner.net/boleto/demo/assets/css/bootstrap.min.css]
[pixner.net/boleto/demo/assets/css/all.min.css]
[pixner.net/boleto/demo/assets/css/animate.css]
[pixner.net/boleto/demo/assets/css/flaticon.css]
[pixner.net/boleto/demo/assets/css/magnific-popup.css]
[pixner.net/boleto/demo/assets/css/odometer.css]
[pixner.net/boleto/demo/assets/css/owl.carousel.min.css]
[pixner.net/boleto/demo/assets/css/owl.theme.default.min.css]
[pixner.net/boleto/demo/assets/css/nice-select.css]
[pixner.net/boleto/demo/assets/css/jquery.animatedheadline.css]
[pixner.net/boleto/demo/assets/css/main.css]
[pixner.net/boleto/demo/assets/images/favicon.png]
[backblue.gif]
[fade.gif]
[index.html]
[pixner.net/boleto/demo/index-2.html]
[pixner.net/boleto/demo/assets/images/logo/logo.png]
[pixner.net/boleto/demo/index-3.html]
[pixner.net/boleto/demo/movie-grid.html]
[pixner.net/boleto/demo/movie-list.html]
[pixner.net/boleto/demo/movie-details.html]
[pixner.net/boleto/demo/movie-details-2.html]
[pixner.net/boleto/demo/movie-ticket-plan.html]
[pixner.net/boleto/demo/movie-seat-plan.html]
[pixner.net/boleto/demo/movie-checkout.html]
[pixner.net/boleto/demo/popcorn.html]
[pixner.net/boleto/demo/events.html]
[pixner.net/boleto/demo/event-details.html]
[pixner.net/boleto/demo/event-speaker.html]
[pixner.net/boleto/demo/event-ticket.html]
[pixner.net/boleto/demo/event-checkout.html]
[pixner.net/boleto/demo/sports.html]
[pixner.net/boleto/demo/sport-details.html]
[pixner.net/boleto/demo/sports-ticket.html]
[pixner.net/boleto/demo/sports-checkout.html]
[pixner.net/boleto/demo/about.html]
[pixner.net/boleto/demo/apps-download.html]
[pixner.net/boleto/demo/sign-in.html]
[pixner.net/boleto/demo/sign-up.html]
[pixner.net/boleto/demo/404.html]
[pixner.net/boleto/demo/blog.html]
[pixner.net/boleto/demo/blog-details.html]
[pixner.net/boleto/demo/contact.html]
[pixner.net/boleto/demo/assets/images/banner/banner01.jpg]
[pixner.net/boleto/demo/assets/images/ticket/ticket-bg01.jpg]
[pixner.net/boleto/demo/assets/images/ticket/ticket-tab01.png]
[pixner.net/boleto/demo/assets/images/ticket/ticket-tab02.png]
[pixner.net/boleto/demo/assets/images/ticket/ticket-tab03.png]
[pixner.net/boleto/demo/assets/images/ticket/city.png]
[pixner.net/boleto/demo/assets/images/ticket/date.png]
[pixner.net/boleto/demo/assets/images/ticket/cinema.png]
[pixner.net/boleto/demo/assets/images/sidebar/icons/sidebar01.png]
[pixner.net/boleto/demo/assets/images/sidebar/icons/sidebar02.png]
[pixner.net/boleto/demo/assets/images/sidebar/icons/sidebar03.png]
[pixner.net/boleto/demo/assets/images/sidebar/banner/banner01.jpg]
[pixner.net/boleto/demo/assets/images/sidebar/banner/banner02.jpg]
[pixner.net/boleto/demo/assets/images/movie/movie01.jpg]
[pixner.net/boleto/demo/assets/images/movie/tomato.png]
[pixner.net/boleto/demo/assets/images/movie/cake.png]
[pixner.net/boleto/demo/assets/images/movie/movie02.jpg]
[pixner.net/boleto/demo/assets/images/movie/movie03.jpg]
[pixner.net/boleto/demo/assets/images/event/event01.jpg]
[pixner.net/boleto/demo/assets/images/event/event02.jpg]
[pixner.net/boleto/demo/assets/images/event/event03.jpg]
[pixner.net/boleto/demo/assets/images/sports/sports01.jpg]
[pixner.net/boleto/demo/assets/images/sports/sports02.jpg]
[pixner.net/boleto/demo/assets/images/sports/sports03.jpg]
[pixner.net/boleto/demo/assets/images/newslater/newslater-bg01.jpg]
[pixner.net/boleto/demo/index-1.html]
[pixner.net/boleto/demo/assets/images/footer/footer-logo.png]
[pixner.net/boleto/demo/assets/js/jquery-3.3.1.min.js]
[pixner.net/boleto/demo/assets/js/modernizr-3.6.0.min.js]
[pixner.net/boleto/demo/assets/js/plugins.js]
[pixner.net/boleto/demo/assets/js/bootstrap.min.js]
[pixner.net/boleto/demo/assets/js/heandline.js]
[pixner.net/boleto/demo/assets/js/isotope.pkgd.min.js]
[pixner.net/boleto/demo/assets/js/magnific-popup.min.js]
[pixner.net/boleto/demo/assets/js/owl.carousel.min.js]
[pixner.net/boleto/demo/assets/js/wow.min.js]
[pixner.net/boleto/demo/assets/js/countdown.min.js]
[pixner.net/boleto/demo/assets/js/odometer.min.js]
[pixner.net/boleto/demo/assets/js/viewport.jquery.js]
[pixner.net/boleto/demo/assets/js/nice-select.js]
[pixner.net/boleto/demo/index.html]
[pixner.net/boleto/demo/assets/css/bootstrap.min.css]
[pixner.net/boleto/demo/assets/js/main.js]
[pixner.net/boleto/demo/assets/webfonts/fa-brands-400.eot]
[pixner.net/boleto/demo/assets/webfonts/fa-brands-400d41d.eot]
[pixner.net/boleto/demo/assets/webfonts/fa-brands-400.woff2]
[pixner.net/boleto/demo/assets/webfonts/fa-brands-400.woff]
[pixner.net/boleto/demo/assets/webfonts/fa-brands-400.ttf]
[pixner.net/boleto/demo/assets/webfonts/fa-brands-400.svg]
[pixner.net/boleto/demo/assets/webfonts/fa-regular-400.eot]
[pixner.net/boleto/demo/assets/webfonts/fa-regular-400d41d.eot]
[pixner.net/boleto/demo/assets/webfonts/fa-regular-400.woff2]
[pixner.net/boleto/demo/assets/webfonts/fa-regular-400.woff]
[pixner.net/boleto/demo/assets/webfonts/fa-regular-400.ttf]
[pixner.net/boleto/demo/assets/webfonts/fa-regular-400.svg]
[pixner.net/boleto/demo/assets/webfonts/fa-solid-900.eot]
[pixner.net/boleto/demo/assets/webfonts/fa-solid-900d41d.eot]
[pixner.net/boleto/demo/assets/webfonts/fa-solid-900.woff2]
[pixner.net/boleto/demo/assets/webfonts/fa-solid-900.woff]
[pixner.net/boleto/demo/assets/webfonts/fa-solid-900.ttf]
[pixner.net/boleto/demo/assets/css/all.min.css]
[pixner.net/boleto/demo/assets/css/animate.css]
[pixner.net/boleto/demo/assets/webfonts/fa-solid-900.svg]
[pixner.net/boleto/demo/assets/css/Flaticon.eot]
[pixner.net/boleto/demo/assets/css/Flaticond41d.eot]
[pixner.net/boleto/demo/assets/css/Flaticon.woff2]
[pixner.net/boleto/demo/assets/css/Flaticon.woff]
[pixner.net/boleto/demo/assets/css/Flaticon.ttf]
[pixner.net/boleto/demo/assets/css/flaticon.css]
[pixner.net/boleto/demo/assets/css/magnific-popup.css]
[pixner.net/boleto/demo/assets/css/odometer.css]
[pixner.net/boleto/demo/assets/css/Flaticon.svg]
[pixner.net/boleto/demo/assets/css/owl.video.play.png]
[pixner.net/boleto/demo/assets/css/owl.carousel.min.css]
[pixner.net/boleto/demo/assets/css/owl.theme.default.min.css]
[pixner.net/boleto/demo/assets/css/nice-select.css]
[pixner.net/boleto/demo/assets/css/jquery.animatedheadline.css]
[pixner.net/boleto/demo/assets/images/footer/footer-shape.png]
[pixner.net/boleto/demo/assets/css/img/movie-seat.png]
[pixner.net/boleto/demo/assets/css/img/check.png]
[pixner.net/boleto/demo/assets/css/img/team-shape.png]
[pixner.net/boleto/demo/assets/css/img/ticket-bg04.png]
[pixner.net/boleto/demo/assets/css/img/ticket-bg05.png]
[pixner.net/boleto/demo/assets/css/img/ticket-bg06.png]
[pixner.net/boleto/demo/assets/css/img/check02.png]
[pixner.net/boleto/demo/assets/css/img/times.png]
[pixner.net/boleto/demo/assets/css/img/team-shape02.png]
[pixner.net/boleto/demo/assets/css/img/wreath-02.png]
[pixner.net/boleto/demo/assets/css/img/wreath-01.png]
[pixner.net/boleto/demo/assets/css/img/quotation.png]
[pixner.net/boleto/demo/assets/css/main.css]
[pixner.net/boleto/demo/index-2.html]
[pixner.net/boleto/demo/assets/images/movie/movie04.jpg]
[pixner.net/boleto/demo/assets/images/event/event04.jpg]
[pixner.net/boleto/demo/assets/images/sports/sports04.jpg]
[pixner.net/boleto/demo/index-3.html]
[pixner.net/boleto/demo/assets/images/banner/banner02.jpg]
[pixner.net/boleto/demo/assets/images/movie/movie05.jpg]
[pixner.net/boleto/demo/assets/images/movie/movie06.jpg]
[pixner.net/boleto/demo/assets/images/movie/movie07.jpg]
[pixner.net/boleto/demo/assets/images/movie/movie08.jpg]
[pixner.net/boleto/demo/assets/images/movie/movie09.jpg]
[pixner.net/boleto/demo/assets/images/movie/movie10.jpg]
[pixner.net/boleto/demo/assets/images/movie/movie11.jpg]
[pixner.net/boleto/demo/assets/images/movie/movie12.jpg]
[pixner.net/boleto/demo/assets/images/icons/heart.png]
[pixner.net/boleto/demo/assets/images/icons/book.png]
[pixner.net/boleto/demo/assets/images/icons/play-button.png]
[pixner.net/boleto/demo/movie-grid.html]
[pixner.net/boleto/demo/movie-list.html]
[pixner.net/boleto/demo/assets/images/banner/banner03.jpg]
[pixner.net/boleto/demo/assets/images/movie/venus.jpg]
[pixner.net/boleto/demo/assets/images/movie/video-button.png]
[pixner.net/boleto/demo/assets/images/movie/tomato2.png]
[pixner.net/boleto/demo/assets/images/movie/cake2.png]
[pixner.net/boleto/demo/assets/images/sidebar/offer01.png]
[pixner.net/boleto/demo/assets/images/sidebar/offer02.png]
[pixner.net/boleto/demo/assets/images/sidebar/offer03.png]
[pixner.net/boleto/demo/assets/images/movie/movie-details01.jpg]
[pixner.net/boleto/demo/assets/images/movie/movie-details02.jpg]
[pixner.net/boleto/demo/assets/images/movie/movie-details03.jpg]
[pixner.net/boleto/demo/assets/images/cast/cast01.jpg]
[pixner.net/boleto/demo/assets/images/cast/cast02.jpg]
[pixner.net/boleto/demo/assets/images/cast/cast03.jpg]
[pixner.net/boleto/demo/assets/images/cast/cast04.jpg]
[pixner.net/boleto/demo/assets/images/cast/cast05.jpg]
[pixner.net/boleto/demo/assets/images/cast/cast06.jpg]
[pixner.net/boleto/demo/assets/images/cast/cast07.jpg]
[pixner.net/boleto/demo/assets/images/cast/cast08.jpg]
[pixner.net/boleto/demo/movie-details.html]
[pixner.net/boleto/demo/movie-details-2.html]
[pixner.net/boleto/demo/assets/images/movie/seat-plan.png]
[pixner.net/boleto/demo/assets/images/ticket/exp.png]
[pixner.net/boleto/demo/assets/images/sidebar/banner/banner03.jpg]
[pixner.net/boleto/demo/movie-ticket-plan.html]
[pixner.net/boleto/demo/assets/images/banner/banner04.jpg]
[pixner.net/boleto/demo/assets/images/movie/screen-thumb.png]
[pixner.net/boleto/demo/assets/images/movie/seat01.png]
[pixner.net/boleto/demo/assets/images/movie/seat01-free.png]
[pixner.net/boleto/demo/assets/images/movie/seat02.png]
[pixner.net/boleto/demo/assets/images/movie/seat02-booked.png]
[pixner.net/boleto/demo/assets/images/movie/seat02-free.png]
[pixner.net/boleto/demo/assets/images/movie/movie-bg-proceed.jpg]
[pixner.net/boleto/demo/movie-seat-plan.html]
[pixner.net/boleto/demo/assets/images/payment/card.png]
[pixner.net/boleto/demo/assets/images/payment/paypal.png]
[pixner.net/boleto/demo/movie-checkout.html]
[pixner.net/boleto/demo/assets/images/sidebar/banner/banner04.jpg]
[pixner.net/boleto/demo/assets/images/movie/popcorn/pop1.png]
[pixner.net/boleto/demo/assets/images/movie/popcorn/pop2.png]
[pixner.net/boleto/demo/assets/images/movie/popcorn/pop3.png]
[pixner.net/boleto/demo/assets/images/movie/popcorn/pop4.png]
[pixner.net/boleto/demo/popcorn.html]
[pixner.net/boleto/demo/assets/images/banner/banner05.jpg]
[pixner.net/boleto/demo/assets/images/event/event05.jpg]
[pixner.net/boleto/demo/assets/images/event/event06.jpg]
[pixner.net/boleto/demo/assets/images/event/event07.jpg]
[pixner.net/boleto/demo/assets/images/event/event08.jpg]
[pixner.net/boleto/demo/assets/images/event/event09.jpg]
[pixner.net/boleto/demo/assets/images/event/event10.jpg]
[pixner.net/boleto/demo/assets/images/event/event11.jpg]
[pixner.net/boleto/demo/assets/images/event/event12.jpg]
[pixner.net/boleto/demo/events.html]
[pixner.net/boleto/demo/assets/images/banner/banner06.jpg]
[pixner.net/boleto/demo/assets/images/event/icon/event-icon01.png]
[pixner.net/boleto/demo/assets/images/event/icon/event-icon02.png]
[pixner.net/boleto/demo/assets/images/event/icon/event-icon03.png]
[pixner.net/boleto/demo/assets/images/event/event-about.jpg]
[pixner.net/boleto/demo/assets/images/gallery/gallery01.jpg]
[pixner.net/boleto/demo/assets/images/gallery/gallery02.jpg]
[pixner.net/boleto/demo/assets/images/gallery/gallery03.jpg]
[pixner.net/boleto/demo/assets/images/gallery/gallery04.jpg]
[pixner.net/boleto/demo/assets/images/speaker/speaker01.jpg]
[pixner.net/boleto/demo/assets/images/speaker/speaker02.jpg]
[pixner.net/boleto/demo/assets/images/speaker/speaker03.jpg]
[pixner.net/boleto/demo/assets/images/speaker/speaker04.jpg]
[pixner.net/boleto/demo/assets/images/statistics/statistics-bg01.jpg]
[pixner.net/boleto/demo/assets/images/statistics/stat01.png]
[pixner.net/boleto/demo/assets/images/statistics/stat02.png]
[pixner.net/boleto/demo/assets/images/statistics/stat03.png]
[pixner.net/boleto/demo/assets/images/sponsor/1.png]
[pixner.net/boleto/demo/assets/images/sponsor/2.png]
[pixner.net/boleto/demo/assets/images/sponsor/3.png]
[pixner.net/boleto/demo/assets/images/sponsor/4.png]
[pixner.net/boleto/demo/assets/images/sponsor/5.png]
[pixner.net/boleto/demo/event-details.html]
[pixner.net/boleto/demo/assets/images/banner/banner07.jpg]
[pixner.net/boleto/demo/assets/images/speaker/speaker05.jpg]
[pixner.net/boleto/demo/event-speaker.html]
[pixner.net/boleto/demo/assets/images/event/ticket/ticket01.png]
[pixner.net/boleto/demo/assets/images/event/ticket/ticket02.png]
[pixner.net/boleto/demo/assets/images/event/ticket/ticket03.png]
[pixner.net/boleto/demo/event-ticket.html]
[pixner.net/boleto/demo/event-checkout.html]
[pixner.net/boleto/demo/assets/images/banner/banner08.jpg]
[pixner.net/boleto/demo/assets/images/sports/sports05.jpg]
[pixner.net/boleto/demo/assets/images/sports/sports06.jpg]
[pixner.net/boleto/demo/assets/images/sports/sports07.jpg]
[pixner.net/boleto/demo/assets/images/sports/sports08.jpg]
[pixner.net/boleto/demo/assets/images/sports/sports09.jpg]
[pixner.net/boleto/demo/assets/images/sports/sports10.jpg]
[pixner.net/boleto/demo/assets/images/sports/sports11.jpg]
[pixner.net/boleto/demo/assets/images/sports/sports12.jpg]
[pixner.net/boleto/demo/sports.html]
[pixner.net/boleto/demo/assets/images/banner/banner09.jpg]
[pixner.net/boleto/demo/assets/images/sports/sports-about.jpg]
[pixner.net/boleto/demo/sport-details.html]
[pixner.net/cdn-cgi/scripts/5c5dd728/cloudflare-static/email-decode.min.js]
[pixner.net/boleto/demo/assets/images/banner/banner10.jpg]
[pixner.net/boleto/demo/sports-ticket.html]
[pixner.net/boleto/demo/sports-checkout.html]
[pixner.net/boleto/demo/assets/images/about/about01.png]
[pixner.net/boleto/demo/assets/images/about/about-bg.jpg]
[pixner.net/boleto/demo/assets/images/philosophy/icon1.png]
[pixner.net/boleto/demo/assets/images/philosophy/icon2.png]
[pixner.net/boleto/demo/assets/images/philosophy/icon3.png]
[pixner.net/boleto/demo/assets/images/about/about-counter01.png]
[pixner.net/boleto/demo/assets/images/about/about-counter02.png]
[pixner.net/boleto/demo/assets/images/about/about-counter03.png]
[pixner.net/boleto/demo/assets/images/about/about-counter04.png]
[pixner.net/boleto/demo/assets/images/client/client-bg.jpg]
[pixner.net/boleto/demo/assets/images/client/client01.jpg]
[pixner.net/boleto/demo/assets/images/client/client03.jpg]
[pixner.net/boleto/demo/assets/images/client/client02.jpg]
[pixner.net/boleto/demo/assets/images/client/client04.jpg]
[pixner.net/boleto/demo/assets/images/gallery/gallery05.jpg]
[pixner.net/boleto/demo/assets/images/gallery/gallery06.jpg]
[pixner.net/boleto/demo/assets/images/gallery/gallery07.jpg]
[pixner.net/boleto/demo/assets/images/gallery/gallery11.jpg]
[pixner.net/boleto/demo/assets/images/gallery/gallery12.jpg]
[pixner.net/boleto/demo/assets/images/gallery/gallery13.jpg]
[pixner.net/boleto/demo/assets/images/gallery/gallery08.jpg]
[pixner.net/boleto/demo/assets/images/gallery/gallery09.jpg]
[pixner.net/boleto/demo/assets/images/gallery/gallery10.jpg]
[pixner.net/boleto/demo/assets/images/tour/icon01.png]
[pixner.net/boleto/demo/assets/images/tour/icon02.png]
[pixner.net/boleto/demo/assets/images/tour/tour.png]
[pixner.net/boleto/demo/about.html]
[pixner.net/boleto/demo/assets/images/apps/apps01.png]
[pixner.net/boleto/demo/assets/images/apps/apps03.png]
[pixner.net/boleto/demo/assets/images/apps/apps02.png]
[pixner.net/boleto/demo/apps-download.html]
[pixner.net/boleto/demo/assets/images/account/account-bg.jpg]
[pixner.net/boleto/demo/sign-in.html]
[pixner.net/boleto/demo/sign-up.html]
[pixner.net/boleto/demo/assets/images/404.png]
[pixner.net/boleto/demo/404.html]
[pixner.net/boleto/demo/assets/images/blog/blog01.jpg]
[pixner.net/boleto/demo/assets/images/blog/author.jpg]
[pixner.net/boleto/demo/assets/images/blog/blog02.jpg]
[pixner.net/boleto/demo/assets/images/blog/blog03.jpg]
[pixner.net/boleto/demo/assets/images/blog/blog04.jpg]
[pixner.net/boleto/demo/assets/images/blog/slider01.jpg]
[pixner.net/boleto/demo/blog.html]
[pixner.net/boleto/demo/blog-details.html]
[pixner.net/boleto/demo/assets/js/contact.js]
[pixner.net/boleto/demo/assets/images/contact/contact.jpg]
[pixner.net/boleto/demo/assets/images/contact/contact01.png]
[pixner.net/boleto/demo/assets/images/contact/contact02.png]
[pixner.net/boleto/demo/contact.html]
[pixner.net/boleto/demo/index-1.html]
[pixner.net/boleto/demo/assets/webfonts/fa-brands-400.svg]
[pixner.net/boleto/demo/assets/webfonts/fa-regular-400.svg]
[pixner.net/boleto/demo/assets/webfonts/fa-solid-900.svg]
[pixner.net/boleto/demo/assets/css/Flaticon.svg]
[pixner.net/boleto/demo/assets/css/owl.video.play.html]
